../Drivers/BSP/DS18B20/ds18b20.c:7:13:DS18B20_Pin_Output_OD	24	static
../Drivers/BSP/DS18B20/ds18b20.c:16:13:DS18B20_WritePin	16	static
../Drivers/BSP/DS18B20/ds18b20.c:21:22:DS18B20_ReadPin	8	static
../Drivers/BSP/DS18B20/ds18b20.c:26:16:DS18B20_Reset	16	static
../Drivers/BSP/DS18B20/ds18b20.c:42:13:DS18B20_WriteBit	16	static
../Drivers/BSP/DS18B20/ds18b20.c:60:16:DS18B20_ReadBit	16	static
../Drivers/BSP/DS18B20/ds18b20.c:76:13:DS18B20_WriteByte	24	static
../Drivers/BSP/DS18B20/ds18b20.c:85:16:DS18B20_ReadByte	16	static
../Drivers/BSP/DS18B20/ds18b20.c:99:16:DS18B20_CRC8	24	static
../Drivers/BSP/DS18B20/ds18b20.c:120:9:DS18B20_Init	8	static
../Drivers/BSP/DS18B20/ds18b20.c:127:9:DS18B20_ReadTemperature	40	static
