../Drivers/BSP/OLED/atk_md0096.c:77:17:atk_md0096_pow	24	static
../Drivers/BSP/OLED/atk_md0096.c:95:13:atk_md0096_hw_init	4	static
../Drivers/BSP/OLED/atk_md0096.c:105:16:atk_md0096_reg_init	8	static
../Drivers/BSP/OLED/atk_md0096.c:148:9:atk_md0096_init	8	static
../Drivers/BSP/OLED/atk_md0096.c:167:6:atk_md0096_hw_reset	8	static
../Drivers/BSP/OLED/atk_md0096.c:180:6:atk_md0096_oled_display_on	8	static
../Drivers/BSP/OLED/atk_md0096.c:192:6:atk_md0096_oled_display_off	8	static
../Drivers/BSP/OLED/atk_md0096.c:204:6:atk_md0096_oled_update	16	static
../Drivers/BSP/OLED/atk_md0096.c:226:6:atk_md0096_oled_clear_gram	16	static
../Drivers/BSP/OLED/atk_md0096.c:240:6:atk_md0096_oled_clear	8	static
../Drivers/BSP/OLED/atk_md0096.c:255:9:atk_md0096_oled_draw_point	24	static
../Drivers/BSP/OLED/atk_md0096.c:289:9:atk_md0096_oled_draw_line	40	static
../Drivers/BSP/OLED/atk_md0096.c:347:9:atk_md0096_oled_fill	32	static
../Drivers/BSP/OLED/atk_md0096.c:386:9:atk_md0096_oled_show_char	48	static
../Drivers/BSP/OLED/atk_md0096.c:512:9:atk_md0096_oled_show_string	40	static
../Drivers/BSP/OLED/atk_md0096.c:593:9:atk_md0096_oled_show_num	40	static
