../Drivers/BSP/OLED/atk_md0096_iic.c:16:20:atk_md0096_iic_delay	8	static
../Drivers/BSP/OLED/atk_md0096_iic.c:21:13:atk_md0096_iic_start	8	static
../Drivers/BSP/OLED/atk_md0096_iic.c:32:13:atk_md0096_iic_stop	8	static
../Drivers/BSP/OLED/atk_md0096_iic.c:42:16:atk_md0096_iic_wait_ack	16	static
../Drivers/BSP/OLED/atk_md0096_iic.c:69:13:atk_md0096_iic_write_byte	24	static
../Drivers/BSP/OLED/atk_md0096_iic.c:83:6:atk_md0096_iic_init	8	static
../Drivers/BSP/OLED/atk_md0096_iic.c:95:9:atk_md0096_iic_write_cmd	16	static
../Drivers/BSP/OLED/atk_md0096_iic.c:118:9:atk_md0096_iic_write_data	16	static
